[en.weareroof.com/index.html]
[backblue.gif]
[fade.gif]
[index.html]
[uploads-ssl.webflow.com/63f49b992800f2c157ce72f8/css/roof-production.webflow.02545e915.css]
[uploads-ssl.webflow.com/63f49b992800f2c157ce72f8/63f49b992800f2fe40ce7340_favicon.png]
[uploads-ssl.webflow.com/63f49b992800f2c157ce72f8/63f49b992800f29e89ce7341_webclip.png]
[www.weareroof.com/index.html]
[en.weareroof.com/ville/amiens.html]
[en.weareroof.com/ville/valenciennes.html]
[en.weareroof.com/ville/lille.html]
[en.weareroof.com/a-propos.html]
[en.weareroof.com/faq.html]
[en.weareroof.com/contact.html]
[uploads-ssl.webflow.com/63f49b992800f2c157ce72f8/6454f9c4f0542afca29002c9_residence-amiens-citadelle.webp]
[uploads-ssl.webflow.com/63f49b992800f2c157ce72f8/6454fc368455c440f0e813a8_wifi_illu.png]
[uploads-ssl.webflow.com/63f49b992800f2c157ce72f8/6454fc36e252c411427936da_canape_illu.png]
[uploads-ssl.webflow.com/63f49b992800f2c157ce72f8/63f49b992800f2523bce731a_LILLE-008.jpg]
[uploads-ssl.webflow.com/63f49b992800f2c157ce72f8/63f49b992800f22141ce731b_LILLE-004.jpg]
[uploads-ssl.webflow.com/63f49b992800f2c157ce72f8/6400767cddce1711297266dd_roof-residence-etudiante.webp]
[uploads-ssl.webflow.com/63f49b992800f2c157ce72f8/640076844ae3956d4fc6b22b_roof-residence-etudiante2.webp]
[uploads-ssl.webflow.com/63f49b992800f2adb6ce72f7/63fe24655ac8566c75339bbe_marion-cathedrale-roof.webp]
[uploads-ssl.webflow.com/63f49b992800f2adb6ce72f7/641dbff0606bb4d9a8c018ac_zoe-cathedrale-roof.webp]
[uploads-ssl.webflow.com/63f49b992800f2adb6ce72f7/63fe23bca90cec4374c0919f_alice-cathedrale-roof.webp]
[uploads-ssl.webflow.com/63f49b992800f2c157ce72f8/6454fc366836170665eed9b7_communaute_illu.webp]
[uploads-ssl.webflow.com/63f49b992800f2adb6ce72f7/6455005d1f9a5dfd86fd0504_soiree-last-of-us.webp]
[uploads-ssl.webflow.com/63f49b992800f2adb6ce72f7/63f627f7a2183f05fa9de05b_karthik-balakrishnan-NrS53eUKgiE-unsplash.jpg]
[uploads-ssl.webflow.com/63f49b992800f2adb6ce72f7/645500736b14fd778fc283b0_running-roof.webp]
[uploads-ssl.webflow.com/63f49b992800f2adb6ce72f7/6455007b952daf4cd0a2aeb7_soiree-burger-roof.webp]
[uploads-ssl.webflow.com/63f49b992800f2c157ce72f8/641dc98c1fa7a4e4d1f97c46_roofers_amiens.webp]
[uploads-ssl.webflow.com/63f49b992800f2c157ce72f8/63f49b992800f229c5ce7314_logo-white.svg]
[uploads-ssl.webflow.com/63f49b992800f2c157ce72f8/63f49b992800f296aace731e_tiger.svg]
[www.tambien.studio/index.html]
[d3e54v103j8qbb.cloudfront.net/js/jquery-3.5.1.min.dc5e7f18c8c59f.js]
[uploads-ssl.webflow.com/63f49b992800f2c157ce72f8/js/webflow.a5eff449b.js]
[www.tiktok.com/@weareroof.html]
[weareroof-js.netlify.app/main.js]
[www.googletagmanager.com/ns42f9.html]
[en.weareroof.com/index.html]
[cdn.weglot.com/weglot.min.js]
[uploads-ssl.webflow.com/63f49b992800f2c157ce72f8/63f49b992800f23035ce7316_SuisseIntl-Regular.woff2]
[uploads-ssl.webflow.com/63f49b992800f2c157ce72f8/63f49b992800f2338bce7333_Anton-Regular.woff2]
[uploads-ssl.webflow.com/63f49b992800f2c157ce72f8/63f49b992800f25b19ce7335_SuisseIntl-SemiBold.woff2]
[uploads-ssl.webflow.com/63f49b992800f2c157ce72f8/63f49b992800f2570fce7336_SuisseIntl-Bold.woff2]
[uploads-ssl.webflow.com/63f49b992800f2c157ce72f8/64117b31a466be3deec71cbc_Druk-Super.woff2]
[uploads-ssl.webflow.com/63f49b992800f2c157ce72f8/css/roof-production.webflow.02545e915.css]
[www.weareroof.com/ville/amiens.html]
[www.weareroof.com/ville/valenciennes.html]
[www.weareroof.com/a-propos.html]
[www.weareroof.com/faq.html]
[www.weareroof.com/contact.html]
[www.weareroof.com/index.html]
[uploads-ssl.webflow.com/63f49b992800f2c157ce72f8/6422c36c8d1ad65ec46b9276_Polygon 4.svg]
[api.mapbox.com/mapbox-gl-js/v2.6.1/mapbox-gl.js]
[api.mapbox.com/mapbox-gl-js/v2.6.1/mapbox-gl.css]
[unpkg.com/flickity@2/dist/flickity.min.32.delayed]
[unpkg.com/flickity@2.3.0/dist/flickity.min.css]
[uploads-ssl.webflow.com/63f49b992800f2adb6ce72f7/6455066faec18d43b496061e_residence-amiens-citadelle.webp]
[uploads-ssl.webflow.com/63f49b992800f2adb6ce72f7/63f8bdcf05d14117be635df8_residence-amiens-citadelle-chambre.webp]
[uploads-ssl.webflow.com/63f49b992800f2adb6ce72f7/6455066956f00834f895b02c_residence-amiens-citadelle-salledebain.webp]
[en.weareroof.com/residence/amiens-citadelle.37.delayed]
[uploads-ssl.webflow.com/63f49b992800f2adb6ce72f7/645504801dbd70f328d3fd32_residence-amiens-henriville.webp]
[uploads-ssl.webflow.com/63f49b992800f2adb6ce72f7/6455043876ec3238ae742f18_residence-amiens-henriville-salon.webp]
[uploads-ssl.webflow.com/63f49b992800f2adb6ce72f7/6455043856f008eaf0957153_residence-amiens-henriville-cuisine.webp]
[en.weareroof.com/residence/amiens-henriville.html]
[uploads-ssl.webflow.com/63f49b992800f2adb6ce72f7/64550624f5baa98346ea253a_residence-amiens-cathedrale.webp]
[uploads-ssl.webflow.com/63f49b992800f2adb6ce72f7/645505f5f5baa983d7ea236d_residence-amiens-cathedrale-chambre.webp]
[uploads-ssl.webflow.com/63f49b992800f2adb6ce72f7/645505fc4e4ec0023a8fd47e_residence-amiens-cathedrale-salleamanger.webp]
[en.weareroof.com/residence/amiens-cathedrale.html]
[uploads-ssl.webflow.com/63f49b992800f2c157ce72f8/63f49b992800f2a377ce7321_fg.svg]
[uploads-ssl.webflow.com/63f49b992800f2adb6ce72f7/645e0951b715b1baa9edc996_residence-amiens-citadelle (10).webp]
[uploads-ssl.webflow.com/63f49b992800f2adb6ce72f7/6455066c04618f83671e5ee7_residence-amiens-citadelle-cuisine.webp]
[uploads-ssl.webflow.com/63f49b992800f2adb6ce72f7/644be5e31fc13575220f5008_Capture d’écran 2023-04-28 à 06.44.34.png]
[uploads-ssl.webflow.com/63f49b992800f2adb6ce72f7/644be5e05b7e8f80fe0ef540_Capture d’écran 2023-04-28 à 06.44.44.png]
[unpkg.com/flickity@2/dist/flickity.pkgd.min.45.delayed]
[en.weareroof.com/ville/amiens.html]
[unpkg.com/flickity@2.3.0/dist/flickity.pkgd.min.js]
[uploads-ssl.webflow.com/63f49b992800f2adb6ce72f7/645505afa531416502b14386_residence-valenciennes-rubika.webp]
[uploads-ssl.webflow.com/63f49b992800f2adb6ce72f7/6455057ffdd20c0d061a0acb_residence-valenciennes-rubika-chambre.webp]
[uploads-ssl.webflow.com/63f49b992800f2adb6ce72f7/6455057f6ad7d712d61b5c85_residence-valenciennes-rubika-cuisine.webp]
[en.weareroof.com/residence/valenciennes-rubika.html]
[uploads-ssl.webflow.com/63f49b992800f2adb6ce72f7/640079bc15340323e2dfab8e_valenciennes-rubika-roof.webp]
[uploads-ssl.webflow.com/63f49b992800f2adb6ce72f7/64007b3b7efc0c038abaeba3_valenciennes-rubika-roof2.webp]
[en.weareroof.com/ville/valenciennes.html]
[uploads-ssl.webflow.com/63f49b992800f2adb6ce72f7/641dd14b037492624f2ccfeb_63f8c118473e407f6f91f5c5_residence-lille-moulin.webp]
[uploads-ssl.webflow.com/63f49b992800f2adb6ce72f7/645506d44de26b1e1d571eb3_residence-lille-moulin-chambre.webp]
[uploads-ssl.webflow.com/63f49b992800f2adb6ce72f7/645506d64d5dca3d63d80e20_residence-lille-moulin-cuisine.webp]
[en.weareroof.com/residence/lille-moulins.html]
[uploads-ssl.webflow.com/63f49b992800f2adb6ce72f7/63fe2eead0d4ea37e796fdb4_lille-moulin-roof2.webp]
[uploads-ssl.webflow.com/63f49b992800f2adb6ce72f7/645501a6768f527248462594_lille-moulin-roof.webp]
[en.weareroof.com/ville/lille.html]
[uploads-ssl.webflow.com/63f49b992800f2c157ce72f8/645507a04c858a7404cccb43_residences-roof-coliving.webp]
[uploads-ssl.webflow.com/63f49b992800f2c157ce72f8/63f49b992800f28f0dce733d_MJ5_4379.webp]
[uploads-ssl.webflow.com/63f49b992800f2c157ce72f8/63f49b992800f2eabace7338_MJ5_4052.webp]
[uploads-ssl.webflow.com/63f49b992800f2c157ce72f8/63f49b992800f26946ce733b_MJ5_4268.webp]
[uploads-ssl.webflow.com/63f49b992800f2adb6ce72f7/63fe17a7709d41328fdabdff_elmehdi-roof-residence-etudiante.webp]
[uploads-ssl.webflow.com/63f49b992800f2adb6ce72f7/63fe124c107b8c64b11c21bc_paul-roof-residence-etudiante.webp]
[uploads-ssl.webflow.com/63f49b992800f2adb6ce72f7/63fe0c2272d28c03067a3433_nassim-roof-residence-etudiante.webp]
[uploads-ssl.webflow.com/63f49b992800f2adb6ce72f7/63fcd7870388a7b0c78d6be3_celia-roof-residence-etudiante.webp]
[uploads-ssl.webflow.com/63f49b992800f2adb6ce72f7/63fcd778e0ae8ed0b9643744_anne-roof-residence-etudiante.webp]
[uploads-ssl.webflow.com/63f49b992800f2adb6ce72f7/63fcd75d19fcf573e1e376d0_marion-roof-residence-etudiante.webp]
[en.weareroof.com/a-propos.html]
[en.weareroof.com/faq.html]
[en.weareroof.com/contact.html]
[uploads-ssl.webflow.com/63f49b992800f2c157ce72f8/63f49b992800f207aece731f_arrow.svg]
[uploads-ssl.webflow.com/63f49b992800f2c157ce72f8/63f49b992800f24e70ce7320_Path 158.svg]
[uploads-ssl.webflow.com/63f49b992800f2c157ce72f8/63f49b992800f296aace731e_tiger.svg]
[uploads-ssl.webflow.com/63f49b992800f2c157ce72f8/63f49b992800f229c5ce7314_logo-white.svg]
[assets.website-files.com/6297497982f267a133b5ab4c/css/tambien-website.90ddb90de.css]
[assets.website-files.com/6297497982f267a133b5ab4c/62debf8695dbd2b1a80583e0_SMALL.png]
[assets.website-files.com/6297497982f267a133b5ab4c/62debe51c3258bc16645585c_BIG.png]
[www.tambien.studio/work.html]
[www.tambien.studio/courses-selection.html]
[www.tambien.studio/courses/bundle.html]
[www.tambien.studio/courses/notion.html]
[www.tambien.studio/courses/design.html]
[www.tambien.studio/courses/webflow.html]
[www.tambien.studio/community.html]
[www.tambien.studio/products-selection.html]
[www.tambien.studio/newsletter.html]
[assets.website-files.com/62975affbdb21e2138901d86/62bac72dfa61b8525c67884e_PP__alex.jpg]
[assets.website-files.com/62975affbdb21e2138901d86/62bac7345e24a6cd758c1250_PP__balerein.jpg]
[assets.website-files.com/62975affbdb21e2138901d86/62bac73d71bbbdf444d25fb9_PP__mael.jpg]
[assets.website-files.com/6297497982f267a133b5ab4c/631e141d728e646f4f64fd35_philbo-vJEjcth6hcY-unsplash.jpg]
[assets.website-files.com/6297497982f267a133b5ab4c/63739c1f8d8dbed6228f5df4_Capture d’écran 2022-11-09 à 17.43 3.jpg]
[assets.website-files.com/6297497982f267a133b5ab4c/63739c1e7edcfb0ba7693c5c_Capture d’écran 2022-11-09 à 17.43 1.jpg]
[assets.website-files.com/6297497982f267a133b5ab4c/63739c1fcb8f307418f72c58_Capture d’écran 2022-11-09 à 17.43 2.jpg]
[assets.website-files.com/6297497982f267a133b5ab4c/6385fb2316060612dbced4ad_Artboard.png]
[assets.website-files.com/6297497982f267a133b5ab4c/6385fb238c56b4325ca70213_Artboard-1.png]
[assets.website-files.com/6297497982f267a133b5ab4c/6385fb2327432d73e1ae4630_Artboard-2.png]
[www.tambien.studio/legals.html]
[d3e54v103j8qbb.cloudfront.net/js/jquery-3.5.1.min.dc5e7f18c8270f.js]
[assets.website-files.com/6297497982f267a133b5ab4c/js/tambien-website.afc18e477.js]
[www.tambien.studio/index.html]
[tambien-website-js.netlify.app/main.js]
[www.linkedin.com/company/weareroof/index.html]
[sf16-website-login.neutral.ttwstatic.com/obj/tiktok_web_login_static/tiktok_privacy_protection_framework/loader/1.0.0.319/index.js]
[s20.tiktokcdn.com/tiktok/common/init0fea.js]
[sf16-website-login.neutral.ttwstatic.com/obj/tiktok_web_login_static/slardar/sdk-pre/browser.lite.pre.js]
[www.tiktok.com/favicon.ico]
[www.tiktok.com/@weareroofd6cc.html]
[www.tiktok.com/@weareroofa400.html]
[www.tiktok.com/@wearerooffb5c.html]
[www.tiktok.com/@weareroofb805.html]
[www.tiktok.com/@weareroof7be3.html]
[www.tiktok.com/@weareroof3d78.html]
[www.tiktok.com/@weareroof9ed2.html]
[www.tiktok.com/@weareroofc69a.html]
[www.tiktok.com/@weareroof7f73.html]
[www.tiktok.com/@weareroof3f94.html]
[www.tiktok.com/@weareroofe68f.html]
[www.tiktok.com/@weareroofd2d1.html]
[www.tiktok.com/@weareroof7c1c.html]
[www.tiktok.com/@weareroof4eac.html]
[www.tiktok.com/@wearerooff6e9.html]
[www.tiktok.com/@weareroofcfef.html]
[www.tiktok.com/@weareroofdd18.html]
[www.tiktok.com/@weareroofa64b.html]
[www.tiktok.com/@weareroofd2c1.html]
[www.tiktok.com/@weareroofb79a.html]
[www.tiktok.com/@weareroofeea7.html]
[www.tiktok.com/@weareroof14f3.html]
[www.tiktok.com/@weareroof3229.html]
[www.tiktok.com/@weareroofa33c.html]
[www.tiktok.com/@weareroof045b.html]
[www.tiktok.com/@weareroof288d.html]
[www.tiktok.com/@weareroof27d6.html]
[www.tiktok.com/@weareroof981f.html]
[www.tiktok.com/@weareroofc969.html]
[www.tiktok.com/@weareroofb065.html]
[www.tiktok.com/@wearerooff1f7.html]
[www.tiktok.com/@weareroofadd9.html]
[www.tiktok.com/@weareroof9847.html]
[www.tiktok.com/@weareroof42d0.html]
[www.tiktok.com/manifest.json]
[sf16-website-login.neutral.ttwstatic.com/obj/tiktok_web_login_static/tiktok/webapp/main/webapp-desktop/npm-byted-tiktok-icons.4912dbf9a7078489ca5c.js]
[sf16-website-login.neutral.ttwstatic.com/obj/tiktok_web_login_static/tiktok/webapp/main/webapp-desktop/tux-h5-icons.74e6088ae52ad10bdfd7.js]
[sf16-website-login.neutral.ttwstatic.com/obj/tiktok_web_login_static/tiktok/webapp/main/webapp-desktop/npm-rxjs.6033c221b0455d3206fb.js]
[sf16-website-login.neutral.ttwstatic.com/obj/tiktok_web_login_static/tiktok/webapp/main/webapp-desktop/npm-react.972d52860fd6c25d79ce.js]
[sf16-website-login.neutral.ttwstatic.com/obj/tiktok_web_login_static/tiktok/webapp/main/webapp-desktop/npm-async-focus-lock.6ee5b07daf2f933b646a.js]
[sf16-website-login.neutral.ttwstatic.com/obj/tiktok_web_login_static/tiktok/webapp/main/webapp-desktop/npm-sigi.07321794e88d3394c705.js]
[sf16-website-login.neutral.ttwstatic.com/obj/tiktok_web_login_static/tiktok/webapp/main/webapp-desktop/npm-byted-web-privacy-sdk.524065280e9c89649b31.js]
[sf16-website-login.neutral.ttwstatic.com/obj/tiktok_web_login_static/tiktok/webapp/main/webapp-desktop/npm-596046b7.bb1c606892a11853cc6d.js]
[sf16-website-login.neutral.ttwstatic.com/obj/tiktok_web_login_static/tiktok/webapp/main/webapp-desktop/npm-d801507b.8084e06cb326ed610a63.js]
[sf16-website-login.neutral.ttwstatic.com/obj/tiktok_web_login_static/tiktok/webapp/main/webapp-desktop/npm-74d9c565.950eaf992e242eb7572b.js]
[sf16-website-login.neutral.ttwstatic.com/obj/tiktok_web_login_static/tiktok/webapp/main/webapp-desktop/vendor.c13b21b706c967533fc0.js]
[sf16-website-login.neutral.ttwstatic.com/obj/tiktok_web_login_static/tiktok/webapp/main/webapp-desktop/webapp-desktop.26f4bf0524ccbe5d8e71.js]
[sf16-website-login.neutral.ttwstatic.com/obj/tiktok_web_login_static/tiktok/webapp/main/webapp-desktop/runtime.99f1adf1e5308383e39e.js]
[sf16-website-login.neutral.ttwstatic.com/obj/tiktok_web_login_static/tiktok/webapp/main/webapp-desktop/multi-cluster-domain.0430d7bf035861dbdeed.js]
[sf16-website-login.neutral.ttwstatic.com/obj/tiktok_web_login_static/tiktok/webapp/main/webapp-desktop/npm-dp-byted-tea-sdk-oversea.a69dcde2381caffc8705.js]
[sf16-website-login.neutral.ttwstatic.com/obj/tiktok_web_login_static/tiktok/webapp/main/webapp-desktop/webapp-desktop-preload.f6679da3890e955a77a8.js]
[sf16-website-login.neutral.ttwstatic.com/obj/tiktok_web_login_static/tiktok/webapp/main/webapp-desktop/es-polyfill.2a3945a0b619f43824a4.js]
[sf16-website-login.neutral.ttwstatic.com/obj/tiktok_web_login_static/tiktok/webapp/main/webapp-desktop/npm-xgplayer.10bf607e3a8dccb61372.js]
[sf16-website-login.neutral.ttwstatic.com/obj/tiktok_web_login_static/tiktok/webapp/main/webapp-desktop/npm-xg-plugin.8a6561e8bd7318869323.js]
[sf16-website-login.neutral.ttwstatic.com/obj/tiktok_web_login_static/tiktok/webapp/main/webapp-desktop/npm-async-bric_verify_sec_sdk_build_captcha_va.b70ae85662ca08769a15.js]
[sf16-website-login.neutral.ttwstatic.com/obj/tiktok_web_login_static/tiktok/webapp/main/webapp-desktop/npm-async-bric_verify_sec_sdk_build_captcha_sg.e772cd06b22434a66fbd.js]
[sf16-website-login.neutral.ttwstatic.com/obj/tiktok_web_login_static/tiktok/webapp/main/webapp-desktop/npm-async-bric_verify_sec_sdk_build_captcha_ttp.6b4f17313a2b897765d2.js]
[sf16-website-login.neutral.ttwstatic.com/obj/tiktok_web_login_static/tiktok/webapp/main/webapp-desktop/npm-async-bric_verify_sec_sdk_build_captcha_in.dae660ca36afa6a7c824.js]
[sf16-website-login.neutral.ttwstatic.com/obj/tiktok_web_login_static/tiktok/webapp/main/webapp-desktop/npm-async-120ededf.1d568ad044d7a4cf3b0a.js]
[sf16-website-login.neutral.ttwstatic.com/obj/tiktok_web_login_static/tiktok/webapp/main/webapp-desktop/npm-async-eb873fff.bd05bf605bbd9028e6d2.js]
[sf16-website-login.neutral.ttwstatic.com/obj/tiktok_web_login_static/tiktok/webapp/main/webapp-desktop/npm-async-87e0bff3.e61862592a7be5b702ad.js]
[sf16-website-login.neutral.ttwstatic.com/obj/tiktok_web_login_static/tiktok/webapp/main/webapp-desktop/npm-async-897bfa5e.99d1f9ee32046dc314d5.js]
[sf16-website-login.neutral.ttwstatic.com/obj/tiktok_web_login_static/tiktok/webapp/main/webapp-desktop/npm-async-12d9bf4a.ebd09c4d56949ae19b74.js]
[sf16-website-login.neutral.ttwstatic.com/obj/tiktok_web_login_static/tiktok/webapp/main/webapp-desktop/npm-async-cdf20b09.b621440f04ad20976cc6.js]
[sf16-website-login.neutral.ttwstatic.com/obj/tiktok_web_login_static/tiktok/webapp/main/webapp-desktop/npm-async-2fa33d53.d404bb6be7c68cc5bbe3.js]
[sf16-website-login.neutral.ttwstatic.com/obj/tiktok_web_login_static/tiktok/webapp/main/webapp-desktop/npm-async-6801073e.9a89a948255588ebb817.js]
[sf16-website-login.neutral.ttwstatic.com/obj/tiktok_web_login_static/tiktok/webapp/main/webapp-desktop/npm-async-25d5c6b3.f19cd9c72f75517e1713.js]
[sf16-website-login.neutral.ttwstatic.com/obj/tiktok_web_login_static/tiktok/webapp/main/webapp-desktop/npm-async-b2e9a6b4.cd5d82430030264609a9.js]
[sf16-website-login.neutral.ttwstatic.com/obj/tiktok_web_login_static/tiktok/webapp/main/webapp-desktop/npm-async-21222ed1.ddd9aaae6149d4197db0.js]
[sf16-website-login.neutral.ttwstatic.com/obj/tiktok_web_login_static/tiktok/webapp/main/webapp-desktop/npm-async-ca20f4a9.77d86f0c8365eb1fbdcd.js]
[sf16-website-login.neutral.ttwstatic.com/obj/tiktok_web_login_static/tiktok/webapp/main/webapp-desktop/npm-async-06806717.2d0aa3ec2d3558c16594.js]
[sf16-website-login.neutral.ttwstatic.com/obj/tiktok_web_login_static/tiktok/webapp/main/webapp-desktop/npm-async-408486fc.30f46ed73ea54bb0e004.js]
[sf16-website-login.neutral.ttwstatic.com/obj/tiktok_web_login_static/tiktok/webapp/main/webapp-desktop/npm-async-7847f50e.c5e36b93621e3333a579.js]
[sf16-website-login.neutral.ttwstatic.com/obj/tiktok_web_login_static/tiktok/webapp/main/webapp-desktop/npm-async-596046b7.9164b3423ff79d19b267.js]
[sf16-website-login.neutral.ttwstatic.com/obj/tiktok_web_login_static/tiktok/webapp/main/webapp-desktop/npm-async-f6c1d77b.390cf827b331d3d9db02.js]
[sf16-website-login.neutral.ttwstatic.com/obj/tiktok_web_login_static/tiktok/webapp/main/webapp-desktop/npm-async-754771ea.558d08a01c66ea01e8ce.js]
[sf16-website-login.neutral.ttwstatic.com/obj/tiktok_web_login_static/tiktok/webapp/main/webapp-desktop/npm-async-8e752ca9.642f2c19b46d52dd3cee.js]
[sf16-website-login.neutral.ttwstatic.com/obj/tiktok_web_login_static/tiktok/webapp/main/webapp-desktop/npm-async-3dc52e2f.44a0f14203253d2583a3.js]
[sf16-website-login.neutral.ttwstatic.com/obj/tiktok_web_login_static/tiktok/webapp/main/webapp-desktop/npm-async-48fb10b1.76e1f918bc6f7cd4e617.js]
[sf16-website-login.neutral.ttwstatic.com/obj/tiktok_web_login_static/tiktok/webapp/main/webapp-desktop/npm-async-382d4a75.e1efaaf74c0a27e1e8df.js]
[sf16-website-login.neutral.ttwstatic.com/obj/tiktok_web_login_static/tiktok/webapp/main/webapp-desktop/npm-async-5a799721.4f55b1639c892eeb5333.js]
[sf16-website-login.neutral.ttwstatic.com/obj/tiktok_web_login_static/tiktok/webapp/main/webapp-desktop/npm-async-e4fa8fd6.16e0f13216161034e6e7.js]
[sf16-website-login.neutral.ttwstatic.com/obj/tiktok_web_login_static/tiktok/webapp/main/webapp-desktop/npm-async-b44107a0.2082a63211d941da3a2e.js]
[sf16-website-login.neutral.ttwstatic.com/obj/tiktok_web_login_static/tiktok/webapp/main/webapp-desktop/npm-async-f58a86dd.16744a4c10e1099235f7.js]
[sf16-website-login.neutral.ttwstatic.com/obj/tiktok_web_login_static/tiktok/webapp/main/webapp-desktop/npm-async-39963cf5.e5a40ef1bf619d28e62b.js]
[sf16-website-login.neutral.ttwstatic.com/obj/tiktok_web_login_static/tiktok/webapp/main/webapp-desktop/npm-async-8c5e720b.44107576147092a9c7b2.js]
[sf16-website-login.neutral.ttwstatic.com/obj/tiktok_web_login_static/tiktok/webapp/main/webapp-desktop/npm-async-756fd682.58fc1976e4b4ff03e133.js]
[sf16-website-login.neutral.ttwstatic.com/obj/tiktok_web_login_static/tiktok/webapp/main/webapp-desktop/npm-async-35771d4d.3d9911213dffb1e0cfbf.js]
[sf16-website-login.neutral.ttwstatic.com/obj/tiktok_web_login_static/tiktok/webapp/main/webapp-desktop/npm-async-5f70a3f1.411347d3a12ef887edc5.js]
[sf16-website-login.neutral.ttwstatic.com/obj/tiktok_web_login_static/tiktok/webapp/main/webapp-desktop/npm-async-032a595f.29b8721e1c203bc11a31.js]
[sf16-website-login.neutral.ttwstatic.com/obj/tiktok_web_login_static/tiktok/webapp/main/webapp-desktop/npm-async-b865213a.adbf2acce1fcabc9a3da.js]
[sf16-website-login.neutral.ttwstatic.com/obj/tiktok_web_login_static/tiktok/webapp/main/webapp-desktop/npm-async-b38f17bb.cbf082892d98bee95025.js]
[sf16-website-login.neutral.ttwstatic.com/obj/tiktok_web_login_static/tiktok/webapp/main/webapp-desktop/npm-async-829a1743.5567ae146472c1b433f3.js]
[sf16-website-login.neutral.ttwstatic.com/obj/tiktok_web_login_static/tiktok/webapp/main/webapp-desktop/npm-async-af725b36.c7cd05327b7b51669cb2.js]
[sf16-website-login.neutral.ttwstatic.com/obj/tiktok_web_login_static/tiktok/webapp/main/webapp-desktop/npm-async-e95ce308.998ad2d5aef1d0bc9339.js]
[sf16-website-login.neutral.ttwstatic.com/obj/tiktok_web_login_static/tiktok/webapp/main/webapp-desktop/npm-async-96f23d05.0e791b604e5dab6cfc98.js]
[sf16-website-login.neutral.ttwstatic.com/obj/tiktok_web_login_static/tiktok/webapp/main/webapp-desktop/npm-async-859c9c41.bda8359918f671842775.js]
[sf16-website-login.neutral.ttwstatic.com/obj/tiktok_web_login_static/tiktok/webapp/main/webapp-desktop/npm-async-6774d3e7.109f0b4af8fb36d82de2.js]
[sf16-website-login.neutral.ttwstatic.com/obj/tiktok_web_login_static/tiktok/webapp/main/webapp-desktop/npm-async-0a6a8ea9.bce9e6ae9e6d6d529510.js]
[sf16-website-login.neutral.ttwstatic.com/obj/tiktok_web_login_static/tiktok/webapp/main/webapp-desktop/npm-async-4db6e54a.0f69073693b7a714dd84.js]
[sf16-website-login.neutral.ttwstatic.com/obj/tiktok_web_login_static/tiktok/webapp/main/webapp-desktop/npm-async-e6c5abf1.552a2f83429beec381b5.js]
[sf16-website-login.neutral.ttwstatic.com/obj/tiktok_web_login_static/tiktok/webapp/main/webapp-desktop/npm-async-7d9234dc.6b20cedd073728f47752.js]
[sf16-website-login.neutral.ttwstatic.com/obj/tiktok_web_login_static/tiktok/webapp/main/webapp-desktop/npm-async-8d0c19d6.d50cda440e92e7b57e82.js]
[sf16-website-login.neutral.ttwstatic.com/obj/tiktok_web_login_static/tiktok/webapp/main/webapp-desktop/npm-async-6c96fd75.c65747498ae1dab2bd3c.js]
[sf16-website-login.neutral.ttwstatic.com/obj/tiktok_web_login_static/tiktok/webapp/main/webapp-desktop/npm-async-ab701a05.a504191766f85413baea.js]
[sf16-website-login.neutral.ttwstatic.com/obj/tiktok_web_login_static/tiktok/webapp/main/webapp-desktop/npm-async-abee7817.eca3de31698043975f28.js]
[sf16-website-login.neutral.ttwstatic.com/obj/tiktok_web_login_static/tiktok/webapp/main/webapp-desktop/npm-async-b84e7a5c.8694a6e2c0d9d6352c14.js]
[sf16-website-login.neutral.ttwstatic.com/obj/tiktok_web_login_static/tiktok/webapp/main/webapp-desktop/8319.c3ac82839ae4d0a43dde.js]
[sf16-website-login.neutral.ttwstatic.com/obj/tiktok_web_login_static/tiktok/webapp/main/webapp-desktop/7039.be77174af3071f952c5b.js]
[sf16-website-login.neutral.ttwstatic.com/obj/tiktok_web_login_static/tiktok/webapp/main/webapp-desktop/8863.3639c17acaa22d8e6703.js]
[sf16-website-login.neutral.ttwstatic.com/obj/tiktok_web_login_static/tiktok/webapp/main/webapp-desktop/4463.ebb09beee25c12645a51.js]
[sf16-website-login.neutral.ttwstatic.com/obj/tiktok_web_login_static/tiktok/webapp/main/webapp-desktop/3175.238146640833371d0296.js]
[sf16-website-login.neutral.ttwstatic.com/obj/tiktok_web_login_static/tiktok/webapp/main/webapp-desktop/5492.ee78eecb26b54fef8ca9.js]
[sf16-website-login.neutral.ttwstatic.com/obj/tiktok_web_login_static/tiktok/webapp/main/webapp-desktop/3240.3fff7bfcffd4a8e55690.js]
[sf16-website-login.neutral.ttwstatic.com/obj/tiktok_web_login_static/tiktok/webapp/main/webapp-desktop/7189.51e176e4c2671cbf368b.js]
[sf16-website-login.neutral.ttwstatic.com/obj/tiktok_web_login_static/tiktok/webapp/main/webapp-desktop/5176.c336b1af50292a53b0c3.js]
[sf16-website-login.neutral.ttwstatic.com/obj/tiktok_web_login_static/tiktok/webapp/main/webapp-desktop/9470.fce600d0961e949a9893.js]
[sf16-website-login.neutral.ttwstatic.com/obj/tiktok_web_login_static/tiktok/webapp/main/webapp-desktop/1601.aee91982fbd24feb0af2.js]
[sf16-website-login.neutral.ttwstatic.com/obj/tiktok_web_login_static/tiktok/webapp/main/webapp-desktop/6580.c259737c75b4d71b2e8e.js]
[sf16-website-login.neutral.ttwstatic.com/obj/tiktok_web_login_static/tiktok/webapp/main/webapp-desktop/6048.6e23cc04517a896cbc1f.js]
[sf16-website-login.neutral.ttwstatic.com/obj/tiktok_web_login_static/tiktok/webapp/main/webapp-desktop/5733.fd20dfab1dcf77fc4dfe.js]
[sf16-website-login.neutral.ttwstatic.com/obj/tiktok_web_login_static/tiktok/webapp/main/webapp-desktop/3276.311f2d691a99fbbe340b.js]
[sf16-website-login.neutral.ttwstatic.com/obj/tiktok_web_login_static/tiktok/webapp/main/webapp-desktop/3749.a9b4d943816a8faf20b1.js]
[sf16-website-login.neutral.ttwstatic.com/obj/tiktok_web_login_static/tiktok/webapp/main/webapp-desktop/8537.65994a34bbee5625c957.js]
[sf16-website-login.neutral.ttwstatic.com/obj/tiktok_web_login_static/tiktok/webapp/main/webapp-desktop/2535.8f19d2682d267cb38143.js]
[sf16-website-login.neutral.ttwstatic.com/obj/tiktok_web_login_static/tiktok/webapp/main/webapp-desktop/7198.23b0135f4854afdaa6d8.js]
[sf16-website-login.neutral.ttwstatic.com/obj/tiktok_web_login_static/tiktok/webapp/main/webapp-desktop/9959.07fbcb76f149ba513f7d.js]
[sf16-website-login.neutral.ttwstatic.com/obj/tiktok_web_login_static/tiktok/webapp/main/webapp-desktop/8933.63c14cfedb72fc1c6085.js]
[sf16-website-login.neutral.ttwstatic.com/obj/tiktok_web_login_static/tiktok/webapp/main/webapp-desktop/3363.8f89b79a45f7aef9d3f1.js]
[sf16-website-login.neutral.ttwstatic.com/obj/tiktok_web_login_static/tiktok/webapp/main/webapp-desktop/user.b2d6d9621a8f115435cd.js]
[www.tiktok.com/login7550.html]
[sf16-website-login.neutral.ttwstatic.com/obj/tiktok_web_login_static/tiktok/webapp/main/webapp-desktop/bfc42f3c4044048cda6e.css]
[www.tiktok.com/index.html]
[www.tiktok.com/en.html]
[www.tiktok.com/following.html]
[www.tiktok.com/explore.html]
[www.tiktok.com/live.html]
[www.tiktok.com/about9ed2.html]
[www.tiktok.com/about/contact9ed2.html]
[www.tiktok.com/forgood.html]
[www.tiktok.com/transparency/en.html]
[www.tiktok.com/tiktok-rewards/eligibility.html]
[www.tiktok.com/embed.html]
[www.tiktok.com/legal/page/eea/terms-of-service/en.html]
[www.tiktok.com/legal/page/eea/privacy-policy/en.html]
[www.tiktok.com/creators/creator-portal/en-us/index.html]
[p16-sign-va.tiktokcdn.com/tos-maliva-avt-0068/c83eb74570de1065b79aaa5038206b44_c5_100x10043d0.jpg]
[www.tiktok.com/community-guidelines/en/index.html]
[www.tiktok.com/@weareroof/video/7221167248130592006.html]
[www.tiktok.com/tag/etudiant.html]
[www.tiktok.com/tag/logementetudiant.html]
[www.tiktok.com/tag/bonplanetudiant.html]
[www.tiktok.com/@weareroof/video/7216390179819556102.html]
[www.tiktok.com/tag/colocation.html]
[www.tiktok.com/@weareroof/video/7214109407297293574.html]
[p77-sign-va.tiktokcdn.com/tos-maliva-p-0068/a57aafdb3cfb43a8b8b3433dc1ba01e7_1679665749_tplv-f5insbecw7-1_480_480461b.jpg]
[www.tiktok.com/@weareroof/video/7198141795732163846.html]
[www.tiktok.com/tag/immobilier.html]
[www.tiktok.com/tag/etudiants.html]
[www.tiktok.com/tag/loyer.html]
[www.tiktok.com/tag/logement.html]
[www.tiktok.com/tag/hometour.html]
[www.tiktok.com/@weareroof/video/7195631596584865030.html]
[p77-sign-va.tiktokcdn.com/tos-maliva-p-0068/oAzEC2N0hfATS7BoII8zkUpzg4BTJPxcogEtAN_tplv-f5insbecw7-1_480_480328c.jpg]
[www.tiktok.com/tag/argent.html]
[www.tiktok.com/tag/jobetudiant.html]
[www.tiktok.com/tag/bonplan.html]
[www.tiktok.com/@weareroof/video/7194494001691577605.html]
[p77-sign-va.tiktokcdn.com/tos-maliva-p-0068/oIjIgbfv5gBjnuhgDrlDAUCSeCr8Qt1CHLoCte_tplv-f5insbecw7-1_480_4805b64.jpg]
[www.tiktok.com/tag/lycee.html]
[www.tiktok.com/tag/lyceens.html]
[www.tiktok.com/tag/etudesuperieures.html]
[www.tiktok.com/tag/etudessup.html]
[www.tiktok.com/@weareroof/video/7192991988621331717.html]
[www.tiktok.com/@weareroof/video/7192250620907162886.html]
[p77-sign-va.tiktokcdn.com/tos-maliva-p-0068/oMBVNXZNIxhi7kgxAFzQgDfAadL6oALEznAGIC_tplv-f5insbecw7-1_480_480d97b.jpg]
[www.tiktok.com/@weareroof/video/7191885683118673157.html]
[p77-sign-va.tiktokcdn.com/tos-maliva-p-0068/ow8XffMjzAJoBbTCDvAr2RaBJFdbg9n8E1EQQn_tplv-f5insbecw7-1_480_480cedb.jpg]
[www.tiktok.com/@weareroof/video/7187409483507797254.html]
[www.tiktok.com/tag/alternance.html]
[www.tiktok.com/tag/conseiletudiant.html]
[www.tiktok.com/tag/astucesetudiants.html]
[www.tiktok.com/@weareroof/video/7177782909225438470.html]
[www.tiktok.com/@mariedevissch.html]
[www.tiktok.com/tag/appartementetudiant.html]
[www.tiktok.com/@weareroof/video/7177376243929697542.html]
[www.tiktok.com/@weareroof/video/7175167718528797957.html]
[www.tiktok.com/@weareroof/video/7174806216835697926.html]
[www.tiktok.com/tag/residenceetudiante.html]
[www.tiktok.com/@weareroof/video/7174337882323209477.html]
[www.tiktok.com/@weareroof/video/7173996284683013382.html]
[www.tiktok.com/tag/etudessuperieures.html]
[sf16-website-login.neutral.ttwstatic.com/obj/tiktok_web_login_static/tiktok/static/nginx/service-worker.js]
[s20.tiktokcdn.com/tiktok/common/init0df9.js]
[www.tiktok.com/@weareroof.html]
[www.googletagmanager.com/gtm5445.html]
[www.googletagmanager.com/ns42f9.html]
[www.weareroof.com/residence/amiens-citadelle.html]
[www.weareroof.com/residence/amiens-henriville.html]
[www.weareroof.com/ville/amiens.html]
[www.weareroof.com/residence/amiens-cathedrale.html]
[www.weareroof.com/ville/valenciennes.html]
[www.weareroof.com/a-propos.html]
[www.weareroof.com/faq.html]
[www.weareroof.com/contact.html]
[api.mapbox.com/mapbox-gl-js/v2.6.1/mapbox-gl.css]
[unpkg.com/flickity@2.3.0/dist/flickity.min.css]
[uploads-ssl.webflow.com/63f49b992800f2adb6ce72f7/645504384e4ec0b8c78fbcfd_residence-amiens-henriville-sallleamanger.webp]
[uploads-ssl.webflow.com/63f49b992800f2adb6ce72f7/63fe0741c40c90981125d2ad_residence-lille-moulin-chambre6.webp]
[en.weareroof.com/formulaire-roof.html]
[uploads-ssl.webflow.com/63f49b992800f2adb6ce72f7/63fe0a578dc4bed674d87d5b_residence-amiens-citadelle (1).webp]
[uploads-ssl.webflow.com/63f49b992800f2adb6ce72f7/63fe086c72d28ca17479f994_daniel-roof-residence-etudiante.webp]
[uploads-ssl.webflow.com/63f49b992800f2adb6ce72f7/63fcd69f7442886a4c9d7829_erwan-cathedrale-roof.webp]
[uploads-ssl.webflow.com/63f49b992800f2adb6ce72f7/63fcd68e5f364a9cabbb9b19_emilia-cathedrale-roof.webp]
[uploads-ssl.webflow.com/63f49b992800f2adb6ce72f7/63fcd76d1f3488810b982d85_marie-roof-residence-etudiante.webp]
[uploads-ssl.webflow.com/63f49b992800f2adb6ce72f7/63fcd75056ba6e0df31608ef_zoe-roof-residence-etudiante.webp]
[en.weareroof.com/residence/amiens-henriville.html]
[uploads-ssl.webflow.com/63f49b992800f2adb6ce72f7/63fcd74768f36c2690b33a97_noa-roof-residence-etudiante.webp]
[uploads-ssl.webflow.com/63f49b992800f2adb6ce72f7/645505fe768f5237eb465b1e_residence-amiens-cathedrale-salon.webp]
[en.weareroof.com/residence/amiens-cathedrale.html]
[uploads-ssl.webflow.com/63f49b992800f2c157ce72f8/63f49b992800f2a377ce7321_fg.svg]
[uploads-ssl.webflow.com/63f49b992800f2adb6ce72f7/64550580649e969d78912914_residence-valenciennes-rubika-jardin.webp]
[uploads-ssl.webflow.com/63f49b992800f2adb6ce72f7/63fcd5e9b99c49fcffbf83ad_alice-cathedrale-roof.webp]
[uploads-ssl.webflow.com/63f49b992800f2adb6ce72f7/63fcd5b4e6d27065bf2a1df1_Copie de MJ5_4181.webp]
[uploads-ssl.webflow.com/63f49b992800f2adb6ce72f7/63fcd5bc4c615961827a9106_Copie de MJ5_4158.webp]
[en.weareroof.com/residence/valenciennes-rubika.html]
[www.weareroof.com/residence/lille-moulins.html]
[uploads-ssl.webflow.com/63f49b992800f2adb6ce72f7/645506d87d0e084cec08f3f0_residence-lille-moulin-salleamanger.webp]
[en.weareroof.com/residence/lille-moulins.html]
[assets.website-files.com/6297497982f267a133b5ab4c/css/tambien-website.90ddb90de.css]
[assets.website-files.com/6297497982f267a133b5ab4c/630cdf34e53efe520bc2ed77_odisea__1 – 1.jpg]
[assets.website-files.com/6297497982f267a133b5ab4c/630cdf3463747b1835014df5_odisea__2 – 1.jpg]
[assets.website-files.com/6297497982f267a133b5ab4c/630cdf341706677c8f385e02_odisea__4 – 1.jpg]
[assets.website-files.com/6297497982f267a133b5ab4c/630cdf347c007c3435325cbf_odisea__5 – 1.jpg]
[assets.website-files.com/6297497982f267a133b5ab4c/630cdf34fdc959a7f6c03cd3_odisea__6 – 1.jpg]
[www.tambien.studio/work.html]
[assets.website-files.com/6297497982f267a133b5ab4c/6385fbf243ba9f72155eed4f_Artboard.png]
[assets.website-files.com/6297497982f267a133b5ab4c/6385fbf2c76b5a3bbc3e5f72_Artboard-2.png]
[assets.website-files.com/6297497982f267a133b5ab4c/6385fc6a27432d7684ae5db1_ARTD-C01-Device-009 1.png]
[assets.website-files.com/6297497982f267a133b5ab4c/6385fc29e50ee5bd3e0f94fc_Artboard-1.png]
[assets.website-files.com/6297497982f267a133b5ab4c/6385fc29e12aa06117fe9e4e_Artboard-2.png]
[assets.website-files.com/6297497982f267a133b5ab4c/6385fb8827432d6893ae4cf6_Artboard.png]
[assets.website-files.com/6297497982f267a133b5ab4c/6385fb88b497bcefb35528a9_Artboard-1.png]
[www.tambien.studio/courses-selection.html]
[www.tambien.studio/courses/bundle.html]
[www.tambien.studio/courses/notion.html]
[www.tambien.studio/courses/design.html]
[www.tambien.studio/courses/webflow.html]
[www.tambien.studio/community.html]
[assets.website-files.com/6297497982f267a133b5ab4c/638610d49af2726f0ca7b276_giphy.gif]
[www.tambien.studio/products/style-guide.html]
[assets.website-files.com/6297497982f267a133b5ab4c/63861ac543ba9fc65171671b_Artboard.png]
[assets.website-files.com/6297497982f267a133b5ab4c/63861ac42774f685fa1c4684_Artboard-1.png]
[assets.website-files.com/6297497982f267a133b5ab4c/63861ac4e12aa04ce30128e4_Artboard-2.png]
[www.tambien.studio/products/fluid-responsive.html]
[assets.website-files.com/6297497982f267a133b5ab4c/63861af6e500fa2dd76ee473_Artboard.png]
[assets.website-files.com/6297497982f267a133b5ab4c/63861af5dbd1a36136d0de99_Artboard-1.png]
[assets.website-files.com/6297497982f267a133b5ab4c/63861af62225b5970f2f42bc_Artboard-2.png]
[www.tambien.studio/products-selection.html]
[www.tambien.studio/newsletter.html]
[www.tambien.studio/legals.html]
[www.tiktok.com/loginbacb.html]
[www.tiktok.com/indexd6cc.html]
[www.tiktok.com/ar.html]
[www.tiktok.com/followingd6cc.html]
[www.tiktok.com/explored6cc.html]
[www.tiktok.com/aboutd6cc.html]
[www.tiktok.com/about/contactd6cc.html]
[www.tiktok.com/forgoodd6cc.html]
[www.tiktok.com/transparency/ar-ae.html]
[www.tiktok.com/embedd6cc.html]
[www.tiktok.com/legal/page/eea/privacy-policy/ar.html]
[www.tiktok.com/creators/creator-portal/en-us/indexd6cc.html]
[www.tiktok.com/community-guidelines/ar-ae/index.html]
[www.tiktok.com/tag/etudiantd6cc.html]
[www.tiktok.com/tag/logementetudiantd6cc.html]
[www.tiktok.com/tag/bonplanetudiantd6cc.html]
[www.tiktok.com/tag/colocationd6cc.html]
[www.tiktok.com/tag/immobilierd6cc.html]
[www.tiktok.com/tag/etudiantsd6cc.html]
[www.tiktok.com/tag/loyerd6cc.html]
[www.tiktok.com/tag/logementd6cc.html]
[www.tiktok.com/tag/hometourd6cc.html]
[p16-sign-va.tiktokcdn.com/tos-maliva-p-0068/oAzEC2N0hfATS7BoII8zkUpzg4BTJPxcogEtAN_tplv-f5insbecw7-1_480_4804f9c.jpg]
[www.tiktok.com/tag/argentd6cc.html]
[www.tiktok.com/tag/jobetudiantd6cc.html]
[www.tiktok.com/tag/bonpland6cc.html]
[www.tiktok.com/tag/lyceed6cc.html]
[www.tiktok.com/tag/lyceensd6cc.html]
[www.tiktok.com/tag/etudesuperieuresd6cc.html]
[www.tiktok.com/tag/etudessupd6cc.html]
[www.tiktok.com/tag/alternanced6cc.html]
[www.tiktok.com/tag/conseiletudiantd6cc.html]
[www.tiktok.com/tag/astucesetudiantsd6cc.html]
[www.tiktok.com/@mariedevisschd6cc.html]
[www.tiktok.com/tag/appartementetudiantd6cc.html]
[www.tiktok.com/tag/residenceetudianted6cc.html]
[www.tiktok.com/@weareroofd6cc.html]
[www.tiktok.com/tag/etudessuperieuresd6cc.html]
[www.tiktok.com/login352c.html]
[www.tiktok.com/indexa400.html]
[www.tiktok.com/bn-IN.html]
[www.tiktok.com/followinga400.html]
[www.tiktok.com/explorea400.html]
[www.tiktok.com/transparency/bn-bd.html]
[www.tiktok.com/embeda400.html]
[www.tiktok.com/legal/page/eea/privacy-policy/bn-IN.html]
[www.tiktok.com/creators/creator-portal/en-us/indexa400.html]
[www.tiktok.com/tag/etudianta400.html]
[www.tiktok.com/tag/logementetudianta400.html]
[www.tiktok.com/tag/bonplanetudianta400.html]
[www.tiktok.com/community-guidelines/bn-bd/index.html]
[www.tiktok.com/tag/colocationa400.html]
[www.tiktok.com/tag/immobiliera400.html]
[www.tiktok.com/tag/etudiantsa400.html]
[www.tiktok.com/tag/loyera400.html]
[www.tiktok.com/tag/logementa400.html]
[www.tiktok.com/tag/hometoura400.html]
[www.tiktok.com/tag/argenta400.html]
[www.tiktok.com/tag/jobetudianta400.html]
[www.tiktok.com/tag/bonplana400.html]
[www.tiktok.com/tag/lyceea400.html]
[www.tiktok.com/tag/lyceensa400.html]
[www.tiktok.com/tag/etudesuperieuresa400.html]
[www.tiktok.com/tag/etudessupa400.html]
[www.tiktok.com/tag/alternancea400.html]
[www.tiktok.com/tag/conseiletudianta400.html]
[www.tiktok.com/tag/astucesetudiantsa400.html]
[www.tiktok.com/@mariedevisscha400.html]
[www.tiktok.com/tag/appartementetudianta400.html]
[www.tiktok.com/tag/residenceetudiantea400.html]
[www.tiktok.com/@weareroofa400.html]
[www.tiktok.com/tag/etudessuperieuresa400.html]
[www.tiktok.com/login412a.html]
[www.tiktok.com/indexfb5c.html]
[www.tiktok.com/ceb-PH.html]
[www.tiktok.com/followingfb5c.html]
[www.tiktok.com/explorefb5c.html]
[www.tiktok.com/livefb5c.html]
[www.tiktok.com/aboutfb5c.html]
[www.tiktok.com/about/contactfb5c.html]
[www.tiktok.com/forgoodfb5c.html]
[www.tiktok.com/embedfb5c.html]
[www.tiktok.com/creators/creator-portal/en-us/indexfb5c.html]
[www.tiktok.com/tag/etudiantfb5c.html]
[www.tiktok.com/tag/logementetudiantfb5c.html]
[www.tiktok.com/tag/bonplanetudiantfb5c.html]
[www.tiktok.com/tag/colocationfb5c.html]
[www.tiktok.com/tag/immobilierfb5c.html]
[www.tiktok.com/tag/etudiantsfb5c.html]
[www.tiktok.com/tag/loyerfb5c.html]
[www.tiktok.com/tag/logementfb5c.html]
[www.tiktok.com/tag/hometourfb5c.html]
[www.tiktok.com/tag/argentfb5c.html]
[www.tiktok.com/tag/jobetudiantfb5c.html]
[www.tiktok.com/tag/bonplanfb5c.html]
[www.tiktok.com/tag/lyceefb5c.html]
[www.tiktok.com/tag/lyceensfb5c.html]
[www.tiktok.com/tag/etudesuperieuresfb5c.html]
[www.tiktok.com/tag/etudessupfb5c.html]
[www.tiktok.com/tag/alternancefb5c.html]
[www.tiktok.com/tag/conseiletudiantfb5c.html]
[www.tiktok.com/tag/astucesetudiantsfb5c.html]
[www.tiktok.com/@mariedevisschfb5c.html]
[www.tiktok.com/tag/appartementetudiantfb5c.html]
[www.tiktok.com/tag/residenceetudiantefb5c.html]
[www.tiktok.com/@wearerooffb5c.html]
[www.tiktok.com/tag/etudessuperieuresfb5c.html]
[www.tiktok.com/login0918.html]
[www.tiktok.com/indexb805.html]
[www.tiktok.com/cs-CZ.html]
[www.tiktok.com/followingb805.html]
[www.tiktok.com/exploreb805.html]
[www.tiktok.com/liveb805.html]
[www.tiktok.com/aboutb805.html]
[www.tiktok.com/about/contactb805.html]
[www.tiktok.com/forgoodb805.html]
[www.tiktok.com/embedb805.html]
[www.tiktok.com/legal/page/eea/terms-of-service/cs-CZ.html]
[www.tiktok.com/legal/page/eea/privacy-policy/cs-CZ.html]
[www.tiktok.com/creators/creator-portal/en-us/indexb805.html]
[www.tiktok.com/community-guidelines/cs-cz/index.html]
[www.tiktok.com/legal/page/global/copyright-policy/cs-CZ.html]
[www.tiktok.com/tag/etudiantb805.html]
[www.tiktok.com/tag/logementetudiantb805.html]
[www.tiktok.com/tag/bonplanetudiantb805.html]
[www.tiktok.com/tag/colocationb805.html]
[www.tiktok.com/tag/immobilierb805.html]
[www.tiktok.com/tag/etudiantsb805.html]
[www.tiktok.com/tag/loyerb805.html]
[www.tiktok.com/tag/logementb805.html]
[www.tiktok.com/tag/hometourb805.html]
[www.tiktok.com/tag/argentb805.html]
[www.tiktok.com/tag/jobetudiantb805.html]
[www.tiktok.com/tag/bonplanb805.html]
[www.tiktok.com/tag/lyceeb805.html]
[www.tiktok.com/tag/lyceensb805.html]
[www.tiktok.com/tag/etudesuperieuresb805.html]
[www.tiktok.com/tag/etudessupb805.html]
[www.tiktok.com/tag/alternanceb805.html]
[www.tiktok.com/tag/conseiletudiantb805.html]
[www.tiktok.com/tag/astucesetudiantsb805.html]
[www.tiktok.com/@mariedevisschb805.html]
[www.tiktok.com/tag/appartementetudiantb805.html]
[www.tiktok.com/tag/residenceetudianteb805.html]
[www.tiktok.com/@weareroofb805.html]
[www.tiktok.com/tag/etudessuperieuresb805.html]
[www.tiktok.com/login6aa2.html]
[www.tiktok.com/index7be3.html]
[www.tiktok.com/de-DE.html]
[www.tiktok.com/following7be3.html]
[www.tiktok.com/explore7be3.html]
[www.tiktok.com/live7be3.html]
[www.tiktok.com/about7be3.html]
[www.tiktok.com/about/contact7be3.html]
[www.tiktok.com/forgood7be3.html]
[www.tiktok.com/transparency/de-de.html]
[www.tiktok.com/embed7be3.html]
[www.tiktok.com/legal/page/eea/terms-of-service/de-DE.html]
[www.tiktok.com/legal/page/eea/privacy-policy/de-DE.html]
[www.tiktok.com/creators/creator-portal/en-us/index7be3.html]
[www.tiktok.com/community-guidelines/de-de/index.html]
[www.tiktok.com/tag/etudiant7be3.html]
[www.tiktok.com/tag/logementetudiant7be3.html]
[www.tiktok.com/tag/bonplanetudiant7be3.html]
[www.tiktok.com/tag/colocation7be3.html]
[www.tiktok.com/tag/immobilier7be3.html]
[www.tiktok.com/tag/etudiants7be3.html]
[www.tiktok.com/tag/loyer7be3.html]
[www.tiktok.com/tag/logement7be3.html]
[www.tiktok.com/tag/hometour7be3.html]
[www.tiktok.com/tag/argent7be3.html]
[www.tiktok.com/tag/jobetudiant7be3.html]
[www.tiktok.com/tag/bonplan7be3.html]
[www.tiktok.com/tag/lycee7be3.html]
[www.tiktok.com/tag/lyceens7be3.html]
[www.tiktok.com/tag/etudesuperieures7be3.html]
[p16-sign-va.tiktokcdn.com/tos-maliva-p-0068/oMBVNXZNIxhi7kgxAFzQgDfAadL6oALEznAGIC_tplv-f5insbecw7-1_480_480751f.jpg]
[www.tiktok.com/tag/etudessup7be3.html]
[www.tiktok.com/tag/alternance7be3.html]
[www.tiktok.com/tag/conseiletudiant7be3.html]
[www.tiktok.com/tag/astucesetudiants7be3.html]
[www.tiktok.com/@mariedevissch7be3.html]
[www.tiktok.com/tag/appartementetudiant7be3.html]
[www.tiktok.com/tag/residenceetudiante7be3.html]
[www.tiktok.com/@weareroof7be3.html]
[www.tiktok.com/tag/etudessuperieures7be3.html]
[www.tiktok.com/loginb934.html]
[www.tiktok.com/el-GR.html]
[www.tiktok.com/index3d78.html]
[www.tiktok.com/following3d78.html]
[www.tiktok.com/explore3d78.html]
[www.tiktok.com/embed3d78.html]
[www.tiktok.com/legal/page/eea/terms-of-service/el-GR.html]
[www.tiktok.com/legal/page/eea/privacy-policy/el-GR.html]
[www.tiktok.com/creators/creator-portal/en-us/index3d78.html]
[www.tiktok.com/legal/page/global/copyright-policy/el-GR.html]
[www.tiktok.com/tag/etudiant3d78.html]
[www.tiktok.com/tag/logementetudiant3d78.html]
[www.tiktok.com/community-guidelines/el-gr/index.html]
[www.tiktok.com/tag/bonplanetudiant3d78.html]
[www.tiktok.com/tag/colocation3d78.html]
[www.tiktok.com/tag/immobilier3d78.html]
[www.tiktok.com/tag/etudiants3d78.html]
[www.tiktok.com/tag/loyer3d78.html]
[www.tiktok.com/tag/logement3d78.html]
[www.tiktok.com/tag/hometour3d78.html]
[www.tiktok.com/tag/argent3d78.html]
[www.tiktok.com/tag/jobetudiant3d78.html]
[www.tiktok.com/tag/bonplan3d78.html]
[www.tiktok.com/tag/lycee3d78.html]
[www.tiktok.com/tag/lyceens3d78.html]
[www.tiktok.com/tag/etudesuperieures3d78.html]
[www.tiktok.com/tag/etudessup3d78.html]
[www.tiktok.com/tag/alternance3d78.html]
[www.tiktok.com/tag/conseiletudiant3d78.html]
[www.tiktok.com/tag/astucesetudiants3d78.html]
[www.tiktok.com/@mariedevissch3d78.html]
[www.tiktok.com/tag/appartementetudiant3d78.html]
[www.tiktok.com/tag/residenceetudiante3d78.html]
[www.tiktok.com/@weareroof3d78.html]
[www.tiktok.com/tag/etudessuperieures3d78.html]
[www.tiktok.com/login345c.html]
[www.tiktok.com/index9ed2.html]
[www.tiktok.com/following9ed2.html]
[www.tiktok.com/explore9ed2.html]
[www.tiktok.com/live9ed2.html]
[www.tiktok.com/forgood9ed2.html]
[www.tiktok.com/embed9ed2.html]
[www.tiktok.com/creators/creator-portal/en-us/index9ed2.html]
[www.tiktok.com/tag/etudiant9ed2.html]
[www.tiktok.com/tag/logementetudiant9ed2.html]
[www.tiktok.com/tag/bonplanetudiant9ed2.html]
[www.tiktok.com/tag/colocation9ed2.html]
[www.tiktok.com/tag/immobilier9ed2.html]
[www.tiktok.com/tag/etudiants9ed2.html]
[www.tiktok.com/tag/loyer9ed2.html]
[www.tiktok.com/tag/logement9ed2.html]
[www.tiktok.com/tag/hometour9ed2.html]
[www.tiktok.com/tag/argent9ed2.html]
[www.tiktok.com/tag/jobetudiant9ed2.html]
[www.tiktok.com/tag/bonplan9ed2.html]
[www.tiktok.com/tag/lycee9ed2.html]
[www.tiktok.com/tag/lyceens9ed2.html]
[www.tiktok.com/tag/etudesuperieures9ed2.html]
[www.tiktok.com/tag/etudessup9ed2.html]
[www.tiktok.com/tag/alternance9ed2.html]
[www.tiktok.com/tag/conseiletudiant9ed2.html]
[www.tiktok.com/tag/astucesetudiants9ed2.html]
[www.tiktok.com/@mariedevissch9ed2.html]
[www.tiktok.com/tag/appartementetudiant9ed2.html]
[www.tiktok.com/tag/residenceetudiante9ed2.html]
[www.tiktok.com/@weareroof9ed2.html]
[www.tiktok.com/tag/etudessuperieures9ed2.html]
[www.tiktok.com/login66f6.html]
[www.tiktok.com/indexc69a.html]
[www.tiktok.com/es.html]
[www.tiktok.com/followingc69a.html]
[www.tiktok.com/explorec69a.html]
[www.tiktok.com/livec69a.html]
[www.tiktok.com/aboutc69a.html]
[www.tiktok.com/about/contactc69a.html]
[www.tiktok.com/forgoodc69a.html]
[www.tiktok.com/transparency/es-es.html]
[www.tiktok.com/embedc69a.html]
[www.tiktok.com/legal/page/eea/terms-of-service/es.html]
[www.tiktok.com/legal/page/eea/privacy-policy/es.html]
[www.tiktok.com/creators/creator-portal/en-us/indexc69a.html]
[www.tiktok.com/community-guidelines/es-es/index.html]
[www.tiktok.com/tag/etudiantc69a.html]
[www.tiktok.com/tag/logementetudiantc69a.html]
[www.tiktok.com/tag/bonplanetudiantc69a.html]
[www.tiktok.com/tag/colocationc69a.html]
[p16-sign-va.tiktokcdn.com/tos-maliva-p-0068/a57aafdb3cfb43a8b8b3433dc1ba01e7_1679665749_tplv-f5insbecw7-1_480_4806c13.jpg]
[www.tiktok.com/tag/immobilierc69a.html]
[www.tiktok.com/tag/etudiantsc69a.html]
[www.tiktok.com/tag/loyerc69a.html]
[www.tiktok.com/tag/logementc69a.html]
[www.tiktok.com/tag/hometourc69a.html]
[www.tiktok.com/tag/argentc69a.html]
[www.tiktok.com/tag/jobetudiantc69a.html]
[p16-sign-va.tiktokcdn.com/tos-maliva-p-0068/oIjIgbfv5gBjnuhgDrlDAUCSeCr8Qt1CHLoCte_tplv-f5insbecw7-1_480_4808ff6.jpg]
[www.tiktok.com/tag/bonplanc69a.html]
[www.tiktok.com/tag/lyceec69a.html]
[www.tiktok.com/tag/lyceensc69a.html]
[www.tiktok.com/tag/etudesuperieuresc69a.html]
[www.tiktok.com/tag/etudessupc69a.html]
[www.tiktok.com/tag/alternancec69a.html]
[www.tiktok.com/tag/conseiletudiantc69a.html]
[www.tiktok.com/tag/astucesetudiantsc69a.html]
[www.tiktok.com/@mariedevisschc69a.html]
[www.tiktok.com/tag/appartementetudiantc69a.html]
[www.tiktok.com/tag/residenceetudiantec69a.html]
[www.tiktok.com/@weareroofc69a.html]
[www.tiktok.com/tag/etudessuperieuresc69a.html]
[www.tiktok.com/login9a24.html]
[www.tiktok.com/index7f73.html]
[www.tiktok.com/fi-FI.html]
[www.tiktok.com/following7f73.html]
[www.tiktok.com/explore7f73.html]
[www.tiktok.com/live7f73.html]
[www.tiktok.com/about7f73.html]
[www.tiktok.com/about/contact7f73.html]
[www.tiktok.com/forgood7f73.html]
[www.tiktok.com/embed7f73.html]
[www.tiktok.com/legal/page/eea/terms-of-service/fi-FI.html]
[www.tiktok.com/legal/page/eea/privacy-policy/fi-FI.html]
[www.tiktok.com/creators/creator-portal/en-us/index7f73.html]
[www.tiktok.com/legal/page/global/copyright-policy/fi-FI.html]
[www.tiktok.com/tag/etudiant7f73.html]
[www.tiktok.com/tag/logementetudiant7f73.html]
[www.tiktok.com/tag/bonplanetudiant7f73.html]
[www.tiktok.com/tag/colocation7f73.html]
[www.tiktok.com/community-guidelines/fi-fi/index.html]
[www.tiktok.com/tag/immobilier7f73.html]
[www.tiktok.com/tag/etudiants7f73.html]
[www.tiktok.com/tag/loyer7f73.html]
[www.tiktok.com/tag/logement7f73.html]
[www.tiktok.com/tag/hometour7f73.html]
[www.tiktok.com/tag/argent7f73.html]
[www.tiktok.com/tag/jobetudiant7f73.html]
[www.tiktok.com/tag/bonplan7f73.html]
[www.tiktok.com/tag/lycee7f73.html]
[www.tiktok.com/tag/lyceens7f73.html]
[www.tiktok.com/tag/etudesuperieures7f73.html]
[www.tiktok.com/tag/etudessup7f73.html]
[www.tiktok.com/tag/alternance7f73.html]
[www.tiktok.com/tag/conseiletudiant7f73.html]
[www.tiktok.com/tag/astucesetudiants7f73.html]
[www.tiktok.com/@mariedevissch7f73.html]
[www.tiktok.com/tag/appartementetudiant7f73.html]
[www.tiktok.com/tag/residenceetudiante7f73.html]
[www.tiktok.com/@weareroof7f73.html]
[www.tiktok.com/tag/etudessuperieures7f73.html]
[www.tiktok.com/loginee6b.html]
[www.tiktok.com/index3f94.html]
[www.tiktok.com/fil-PH.html]
[www.tiktok.com/following3f94.html]
[www.tiktok.com/explore3f94.html]
[www.tiktok.com/live3f94.html]
[www.tiktok.com/about3f94.html]
[www.tiktok.com/about/contact3f94.html]
[www.tiktok.com/forgood3f94.html]
[www.tiktok.com/embed3f94.html]
[www.tiktok.com/creators/creator-portal/en-us/index3f94.html]
[www.tiktok.com/tag/etudiant3f94.html]
[www.tiktok.com/tag/logementetudiant3f94.html]
[www.tiktok.com/tag/bonplanetudiant3f94.html]
[www.tiktok.com/tag/colocation3f94.html]
[www.tiktok.com/community-guidelines/tl-ph/index.html]
[www.tiktok.com/tag/immobilier3f94.html]
[www.tiktok.com/tag/etudiants3f94.html]
[www.tiktok.com/tag/loyer3f94.html]
[www.tiktok.com/tag/logement3f94.html]
[www.tiktok.com/tag/hometour3f94.html]
[www.tiktok.com/tag/argent3f94.html]
[www.tiktok.com/tag/jobetudiant3f94.html]
[www.tiktok.com/tag/bonplan3f94.html]
[www.tiktok.com/tag/lycee3f94.html]
[www.tiktok.com/tag/lyceens3f94.html]
[www.tiktok.com/tag/etudesuperieures3f94.html]
[www.tiktok.com/tag/etudessup3f94.html]
[www.tiktok.com/tag/alternance3f94.html]
[www.tiktok.com/tag/conseiletudiant3f94.html]
[www.tiktok.com/tag/astucesetudiants3f94.html]
[www.tiktok.com/@mariedevissch3f94.html]
[www.tiktok.com/tag/appartementetudiant3f94.html]
[www.tiktok.com/tag/residenceetudiante3f94.html]
[www.tiktok.com/@weareroof3f94.html]
[www.tiktok.com/tag/etudessuperieures3f94.html]
[www.tiktok.com/login3d9c.html]
[www.tiktok.com/indexe68f.html]
[www.tiktok.com/fr.html]
[www.tiktok.com/followinge68f.html]
[www.tiktok.com/exploree68f.html]
[www.tiktok.com/livee68f.html]
[www.tiktok.com/aboute68f.html]
[www.tiktok.com/about/contacte68f.html]
[www.tiktok.com/forgoode68f.html]
[www.tiktok.com/transparency/fr-fr.html]
[www.tiktok.com/embede68f.html]
[www.tiktok.com/legal/page/eea/terms-of-service/fr.html]
[www.tiktok.com/legal/page/eea/privacy-policy/fr.html]
[www.tiktok.com/creators/creator-portal/en-us/indexe68f.html]
[www.tiktok.com/community-guidelines/fr-fr/index.html]
[www.tiktok.com/legal/page/global/copyright-policy/fr.html]
[www.tiktok.com/tag/etudiante68f.html]
[www.tiktok.com/tag/logementetudiante68f.html]
[www.tiktok.com/tag/bonplanetudiante68f.html]
[www.tiktok.com/tag/colocatione68f.html]
[www.tiktok.com/tag/immobiliere68f.html]
[www.tiktok.com/tag/etudiantse68f.html]
[www.tiktok.com/tag/loyere68f.html]
[www.tiktok.com/tag/logemente68f.html]
[www.tiktok.com/tag/hometoure68f.html]
[www.tiktok.com/tag/argente68f.html]
[www.tiktok.com/tag/jobetudiante68f.html]
[www.tiktok.com/tag/bonplane68f.html]
[www.tiktok.com/tag/lyceee68f.html]
[www.tiktok.com/tag/lyceense68f.html]
[www.tiktok.com/tag/etudesuperieurese68f.html]
[www.tiktok.com/tag/etudessupe68f.html]
[www.tiktok.com/tag/alternancee68f.html]
[www.tiktok.com/tag/conseiletudiante68f.html]
[www.tiktok.com/tag/astucesetudiantse68f.html]
[www.tiktok.com/@mariedevissche68f.html]
[www.tiktok.com/tag/appartementetudiante68f.html]
[www.tiktok.com/tag/residenceetudiantee68f.html]
[www.tiktok.com/@weareroofe68f.html]
[www.tiktok.com/tag/etudessuperieurese68f.html]
[www.tiktok.com/login18af.html]
[www.tiktok.com/indexd2d1.html]
[www.tiktok.com/he-IL.html]
[www.tiktok.com/followingd2d1.html]
[www.tiktok.com/explored2d1.html]
[www.tiktok.com/aboutd2d1.html]
[www.tiktok.com/about/contactd2d1.html]
[www.tiktok.com/forgoodd2d1.html]
[www.tiktok.com/transparency/he-il.html]
[www.tiktok.com/embedd2d1.html]
[www.tiktok.com/legal/page/eea/privacy-policy/he-IL.html]
[www.tiktok.com/creators/creator-portal/en-us/indexd2d1.html]
[www.tiktok.com/legal/page/global/copyright-policy/he-IL.html]
[p77-sign-va-lite.tiktokcdn.com/tos-maliva-avt-0068/c83eb74570de1065b79aaa5038206b44_c5_100x10061d0.jpg]
[www.tiktok.com/tag/etudiantd2d1.html]
[www.tiktok.com/tag/logementetudiantd2d1.html]
[www.tiktok.com/tag/bonplanetudiantd2d1.html]
[www.tiktok.com/tag/colocationd2d1.html]
[www.tiktok.com/tag/immobilierd2d1.html]
[www.tiktok.com/tag/etudiantsd2d1.html]
[www.tiktok.com/tag/loyerd2d1.html]
[www.tiktok.com/tag/logementd2d1.html]
[www.tiktok.com/tag/hometourd2d1.html]
[www.tiktok.com/tag/argentd2d1.html]
[www.tiktok.com/tag/jobetudiantd2d1.html]
[www.tiktok.com/tag/bonpland2d1.html]
[www.tiktok.com/tag/lyceed2d1.html]
[www.tiktok.com/tag/lyceensd2d1.html]
[www.tiktok.com/tag/etudesuperieuresd2d1.html]
[www.tiktok.com/tag/etudessupd2d1.html]
[www.tiktok.com/tag/alternanced2d1.html]
[www.tiktok.com/tag/conseiletudiantd2d1.html]
[www.tiktok.com/tag/astucesetudiantsd2d1.html]
[www.tiktok.com/@mariedevisschd2d1.html]
[www.tiktok.com/tag/appartementetudiantd2d1.html]
[www.tiktok.com/tag/residenceetudianted2d1.html]
[www.tiktok.com/@weareroofd2d1.html]
[www.tiktok.com/tag/etudessuperieuresd2d1.html]
[www.tiktok.com/login64df.html]
[www.tiktok.com/index7c1c.html]
[www.tiktok.com/hi-IN.html]
[www.tiktok.com/following7c1c.html]
[www.tiktok.com/explore7c1c.html]
[www.tiktok.com/embed7c1c.html]
[www.tiktok.com/legal/page/eea/privacy-policy/hi-IN.html]
[www.tiktok.com/creators/creator-portal/en-us/index7c1c.html]
[www.tiktok.com/tag/etudiant7c1c.html]
[www.tiktok.com/tag/logementetudiant7c1c.html]
[www.tiktok.com/tag/bonplanetudiant7c1c.html]
[www.tiktok.com/@weareroof7c1c.html]
[www.tiktok.com/@weareroof4eac.html]
